[16:43:25] INFO - ==================================================
[16:43:25] INFO - darkMark 市场监控启动
[16:43:25] INFO - 监控物品: 2 个
[16:43:25] INFO -   - 红宝石戒指 (最高 500 gold)
[16:43:25] INFO -   - 治疗药水 (最高 50 gold)
[16:43:25] INFO - 刷新间隔: 2.0s
[16:43:25] INFO - 模式: 自动购买
[16:43:25] INFO - 热键: F9=暂停/继续  F10=停止  鼠标移到左上角=紧急停止
[16:43:25] INFO - ==================================================
[16:43:25] ERROR - 未找到游戏窗口: Dark and Darker
[16:43:26] INFO - ==================================================
[16:43:26] INFO - darkMark 市场监控启动
[16:43:26] INFO - 监控物品: 2 个
[16:43:26] INFO -   - 红宝石戒指 (最高 500 gold)
[16:43:26] INFO -   - 治疗药水 (最高 50 gold)
[16:43:26] INFO - 刷新间隔: 2.0s
[16:43:26] INFO - 模式: 试运行 (不购买)
[16:43:26] INFO - 热键: F9=暂停/继续  F10=停止  鼠标移到左上角=紧急停止
[16:43:26] INFO - ==================================================
[16:43:26] ERROR - 未找到游戏窗口: Dark and Darker
